// Jest Snapshot v1, https://goo.gl/fbAQLP

exports[`<ChipContainer /> renders correctly 1`] = `
.c0 {
  margin-bottom: 1.5rem;
  margin-right: 0.5rem;
  position: relative;
}

<div
  className="c0"
/>
`;

exports[`<FilterRow /> renders correctly 1`] = `
.c0 {
  -webkit-box-pack: end;
  -webkit-justify-content: flex-end;
  -ms-flex-pack: end;
  justify-content: flex-end;
}

<styled.div
  className="c0"
/>
`;

exports[`<StyledChip /> with no selection renders correctly 1`] = `
<WithStyles(Chip)
  className=""
  selection={Array []}
/>
`;

exports[`<StyledChip /> with selection renders correctly 1`] = `
.c0 {
  background-color: !important;
  color: !important;
}

<WithStyles(Chip)
  className="c0"
  selection={
    Array [
      "TEST",
    ]
  }
/>
`;
