// Jest Snapshot v1, https://goo.gl/fbAQLP

exports[`HeadingRow renders correctly with highlight 1`] = `
.c5 {
  border: 1px solid;
  border-radius: 1rem;
  font-size: 80%;
  padding: 0.2rem 0.75rem;
}

.c4 {
  display: -webkit-box;
  display: -webkit-flex;
  display: -ms-flexbox;
  display: flex;
  -webkit-flex-wrap: wrap;
  -ms-flex-wrap: wrap;
  flex-wrap: wrap;
}

.c4:last-child div {
  margin-right: 0;
}

.c4 div {
  margin: .5rem .5rem 0 0;
}

.c0 {
  -webkit-align-items: center;
  -webkit-box-align: center;
  -ms-flex-align: center;
  align-items: center;
  padding: 16px;
}

.c1 {
  background-color: white;
  margin-right: 16px;
}

.c2 {
  max-width: 100%;
  max-height: 125px;
}

.c3 {
  float: right;
}

@media (min-width:36em) {
  .c4 {
    margin-left: auto;
  }

  .c4 div {
    margin: 0 .5rem 0 0;
  }
}

@media (min-width:62em) {
  .c1 {
    border: 2px solid;
    margin-bottom: -32px;
    padding: 8px;
    text-align: center;
  }
}

@media (min-width:62em) {
  .c2 {
    max-height: 75px;
  }
}

<div
  class="MuiGrid-container-1 c0"
>
  <div
    class="MuiGrid-item-2 MuiGrid-grid-xs-12-41 MuiGrid-grid-md-2-59"
  >
    <div
      class="c1"
    >
      <img
        class="c2"
      />
    </div>
  </div>
  <div
    class="MuiGrid-item-2 MuiGrid-grid-xs-12-41 MuiGrid-grid-md-7-64"
  >
    <div
      class="MuiGrid-container-1"
    >
      <div
        class="MuiGrid-item-2 MuiGrid-grid-xs-12-41"
      >
        <div
          class="MuiGrid-container-1 MuiGrid-align-items-xs-center-9"
        >
          <div
            class="MuiGrid-item-2"
          >
            <h1
              class="MuiTypography-root-98 MuiTypography-headline-103"
            />
          </div>
          <div
            class="MuiGrid-item-2"
          />
        </div>
      </div>
      <div
        class="MuiGrid-item-2 MuiGrid-grid-xs-12-41"
      >
        <p
          class="MuiTypography-root-98 MuiTypography-body1-107"
        />
      </div>
    </div>
  </div>
  <div
    class="MuiGrid-item-2 MuiGrid-grid-xs-12-41 MuiGrid-grid-md-3-60"
  >
    <div
      class="c3"
    >
      <div
        class="c4"
      >
        <div
          class="c5"
        >
          foo
        </div>
        <div
          class="c5"
        >
          bar
        </div>
      </div>
    </div>
  </div>
</div>
`;

exports[`HeadingRow renders correctly without highlight 1`] = `
.c5 {
  border: 1px solid;
  border-radius: 1rem;
  font-size: 80%;
  padding: 0.2rem 0.75rem;
}

.c4 {
  display: -webkit-box;
  display: -webkit-flex;
  display: -ms-flexbox;
  display: flex;
  -webkit-flex-wrap: wrap;
  -ms-flex-wrap: wrap;
  flex-wrap: wrap;
}

.c4:last-child div {
  margin-right: 0;
}

.c4 div {
  margin: .5rem .5rem 0 0;
}

.c0 {
  -webkit-align-items: center;
  -webkit-box-align: center;
  -ms-flex-align: center;
  align-items: center;
  padding: 16px;
}

.c1 {
  background-color: white;
  margin-right: 16px;
}

.c2 {
  max-width: 100%;
  max-height: 125px;
}

.c3 {
  float: right;
}

@media (min-width:36em) {
  .c4 {
    margin-left: auto;
  }

  .c4 div {
    margin: 0 .5rem 0 0;
  }
}

@media (min-width:62em) {
  .c1 {
    border: 2px solid;
    margin-bottom: -32px;
    padding: 8px;
    text-align: center;
  }
}

@media (min-width:62em) {
  .c2 {
    max-height: 75px;
  }
}

<div
  class="MuiGrid-container-1 c0"
>
  <div
    class="MuiGrid-item-2 MuiGrid-grid-xs-12-41 MuiGrid-grid-md-2-59"
  >
    <div
      class="c1"
    >
      <img
        class="c2"
      />
    </div>
  </div>
  <div
    class="MuiGrid-item-2 MuiGrid-grid-xs-12-41 MuiGrid-grid-md-7-64"
  >
    <div
      class="MuiGrid-container-1"
    >
      <div
        class="MuiGrid-item-2 MuiGrid-grid-xs-12-41"
      >
        <div
          class="MuiGrid-container-1 MuiGrid-align-items-xs-center-9"
        >
          <div
            class="MuiGrid-item-2"
          >
            <h1
              class="MuiTypography-root-98 MuiTypography-headline-103"
            />
          </div>
          <div
            class="MuiGrid-item-2"
          />
        </div>
      </div>
      <div
        class="MuiGrid-item-2 MuiGrid-grid-xs-12-41"
      >
        <p
          class="MuiTypography-root-98 MuiTypography-body1-107"
        />
      </div>
    </div>
  </div>
  <div
    class="MuiGrid-item-2 MuiGrid-grid-xs-12-41 MuiGrid-grid-md-3-60"
  >
    <div
      class="c3"
    >
      <div
        class="c4"
      >
        <div
          class="c5"
        >
          foo
        </div>
        <div
          class="c5"
        >
          bar
        </div>
      </div>
    </div>
  </div>
</div>
`;
