// Jest Snapshot v1, https://goo.gl/fbAQLP

exports[`HeadingRow renders correctly with highlight 1`] = `
.c4 {
  border-radius: 1rem;
  padding: 0.2rem 0.75rem;
  background-color: #546e7a;
  margin-right: 0.5rem;
  color: #eceff1;
}

.c4:last-child {
  margin-right: 0;
}

.c3 {
  display: -webkit-box;
  display: -webkit-flex;
  display: -ms-flexbox;
  display: flex;
  -webkit-flex-wrap: wrap;
  -ms-flex-wrap: wrap;
  flex-wrap: wrap;
  line-height: 1;
  margin-bottom: 8px;
}

.c1 {
  max-width: 100%;
  max-height: 100%;
  margin: auto;
}

@media (min-width:62em) {
  .c3 {
    margin-bottom: 0;
  }
}

@media (min-width:62em) {
  .c0 {
    background-color: white;
    display: -webkit-box;
    display: -webkit-flex;
    display: -ms-flexbox;
    display: flex;
    padding: 4px;
    margin-right: 16px;
    margin-left: 12px;
    border: 2px solid;
    margin-bottom: -8px;
    text-align: center;
    height: 85px;
  }
}

@media (min-width:62em) {
  .c2 {
    display: -webkit-box;
    display: -webkit-flex;
    display: -ms-flexbox;
    display: flex;
    -webkit-box-pack: end;
    -webkit-justify-content: flex-end;
    -ms-flex-pack: end;
    justify-content: flex-end;
    -webkit-align-items: center;
    -webkit-box-align: center;
    -ms-flex-align: center;
    align-items: center;
  }
}

<div
  class="MuiGrid-root MuiGrid-container"
>
  <div
    class="MuiGrid-root MuiGrid-item MuiGrid-grid-xs-12 MuiGrid-grid-md-2"
  >
    <div
      class="c0"
    >
      <img
        class="c1"
      />
    </div>
  </div>
  <div
    class="MuiGrid-root MuiGrid-item MuiGrid-grid-xs-12 MuiGrid-grid-md-7"
  >
    <div
      class="MuiGrid-root MuiTypography-root MuiTypography-body1 MuiTypography-colorTextPrimary MuiGrid-container"
    >
      <div
        class="MuiGrid-root MuiGrid-item MuiGrid-grid-xs-12"
      >
        <div
          class="MuiGrid-root MuiGrid-container MuiGrid-align-items-xs-center"
        >
          <div
            class="MuiGrid-root MuiGrid-item"
          >
            <p
              class="MuiTypography-root MuiTypography-h5"
            />
          </div>
          <div
            class="MuiGrid-root MuiGrid-item"
          />
        </div>
      </div>
      <div
        class="MuiGrid-root MuiGrid-item MuiGrid-grid-xs-12"
      >
        <p
          class="MuiTypography-root MuiTypography-body1"
        />
      </div>
    </div>
  </div>
  <div
    class="MuiGrid-root c2 MuiGrid-item MuiGrid-grid-xs-12 MuiGrid-grid-md-3"
  >
    <div
      class="c3"
    >
      <div
        class="c4"
      >
        <span
          class="MuiTypography-root MuiTypography-caption MuiTypography-colorInherit"
        >
          foo
        </span>
      </div>
      <div
        class="c4"
      >
        <span
          class="MuiTypography-root MuiTypography-caption MuiTypography-colorInherit"
        >
          bar
        </span>
      </div>
    </div>
  </div>
</div>
`;

exports[`HeadingRow renders correctly without highlight 1`] = `
.c4 {
  border-radius: 1rem;
  padding: 0.2rem 0.75rem;
  background-color: #546e7a;
  margin-right: 0.5rem;
  color: #eceff1;
}

.c4:last-child {
  margin-right: 0;
}

.c3 {
  display: -webkit-box;
  display: -webkit-flex;
  display: -ms-flexbox;
  display: flex;
  -webkit-flex-wrap: wrap;
  -ms-flex-wrap: wrap;
  flex-wrap: wrap;
  line-height: 1;
  margin-bottom: 8px;
}

.c1 {
  max-width: 100%;
  max-height: 100%;
  margin: auto;
}

@media (min-width:62em) {
  .c3 {
    margin-bottom: 0;
  }
}

@media (min-width:62em) {
  .c0 {
    background-color: white;
    display: -webkit-box;
    display: -webkit-flex;
    display: -ms-flexbox;
    display: flex;
    padding: 4px;
    margin-right: 16px;
    margin-left: 12px;
    border: 2px solid;
    margin-bottom: -8px;
    text-align: center;
    height: 85px;
  }
}

@media (min-width:62em) {
  .c2 {
    display: -webkit-box;
    display: -webkit-flex;
    display: -ms-flexbox;
    display: flex;
    -webkit-box-pack: end;
    -webkit-justify-content: flex-end;
    -ms-flex-pack: end;
    justify-content: flex-end;
    -webkit-align-items: center;
    -webkit-box-align: center;
    -ms-flex-align: center;
    align-items: center;
  }
}

<div
  class="MuiGrid-root MuiGrid-container"
>
  <div
    class="MuiGrid-root MuiGrid-item MuiGrid-grid-xs-12 MuiGrid-grid-md-2"
  >
    <div
      class="c0"
    >
      <img
        class="c1"
      />
    </div>
  </div>
  <div
    class="MuiGrid-root MuiGrid-item MuiGrid-grid-xs-12 MuiGrid-grid-md-7"
  >
    <div
      class="MuiGrid-root MuiTypography-root MuiTypography-body1 MuiTypography-colorTextPrimary MuiGrid-container"
    >
      <div
        class="MuiGrid-root MuiGrid-item MuiGrid-grid-xs-12"
      >
        <div
          class="MuiGrid-root MuiGrid-container MuiGrid-align-items-xs-center"
        >
          <div
            class="MuiGrid-root MuiGrid-item"
          >
            <p
              class="MuiTypography-root MuiTypography-h5"
            />
          </div>
          <div
            class="MuiGrid-root MuiGrid-item"
          />
        </div>
      </div>
      <div
        class="MuiGrid-root MuiGrid-item MuiGrid-grid-xs-12"
      >
        <p
          class="MuiTypography-root MuiTypography-body1"
        />
      </div>
    </div>
  </div>
  <div
    class="MuiGrid-root c2 MuiGrid-item MuiGrid-grid-xs-12 MuiGrid-grid-md-3"
  >
    <div
      class="c3"
    >
      <div
        class="c4"
      >
        <span
          class="MuiTypography-root MuiTypography-caption MuiTypography-colorInherit"
        >
          foo
        </span>
      </div>
      <div
        class="c4"
      >
        <span
          class="MuiTypography-root MuiTypography-caption MuiTypography-colorInherit"
        >
          bar
        </span>
      </div>
    </div>
  </div>
</div>
`;

exports[`ProductHeading renders correctly 1`] = `
<p
  class="MuiTypography-root MuiTypography-body1"
/>
`;
