// Jest Snapshot v1, https://goo.gl/fbAQLP

exports[`Labels renders correctly 1`] = `
.c1 {
  border-radius: 1rem;
  padding: 0.2rem 0.75rem;
  background-color: #546e7a;
  margin-right: 0.25rem;
  color: #eceff1;
}

.c1:last-child {
  margin-right: 0;
}

.c0 {
  display: -webkit-box;
  display: -webkit-flex;
  display: -ms-flexbox;
  display: flex;
  -webkit-flex-wrap: wrap;
  -ms-flex-wrap: wrap;
  flex-wrap: wrap;
}

<div
  class="c0"
>
  <div
    class="c1"
  >
    <span
      class="MuiTypography-root MuiTypography-caption MuiTypography-colorInherit"
    >
      foo
    </span>
  </div>
  <div
    class="c1"
  >
    <span
      class="MuiTypography-root MuiTypography-caption MuiTypography-colorInherit"
    >
      bar
    </span>
  </div>
</div>
`;
