// Jest Snapshot v1, https://goo.gl/fbAQLP

exports[`List renders correctly when fetching has not started 1`] = `
Array [
  .c0 {
  height: 35rem;
  margin-bottom: 1.5rem;
}

@media (min-width:62em) {
  .c0 {
    height: 9rem;
  }
}

<div
    class="c0"
  />,
  .c0 {
  height: 35rem;
  margin-bottom: 1.5rem;
}

@media (min-width:62em) {
  .c0 {
    height: 9rem;
  }
}

<div
    class="c0"
  />,
  .c0 {
  height: 35rem;
  margin-bottom: 1.5rem;
}

@media (min-width:62em) {
  .c0 {
    height: 9rem;
  }
}

<div
    class="c0"
  />,
]
`;

exports[`List renders correctly with an error 1`] = `
Array [
  .c0 {
  height: 35rem;
  margin-bottom: 1.5rem;
}

@media (min-width:62em) {
  .c0 {
    height: 9rem;
  }
}

<div
    class="c0"
  />,
  .c0 {
  height: 35rem;
  margin-bottom: 1.5rem;
}

@media (min-width:62em) {
  .c0 {
    height: 9rem;
  }
}

<div
    class="c0"
  />,
  .c0 {
  height: 35rem;
  margin-bottom: 1.5rem;
}

@media (min-width:62em) {
  .c0 {
    height: 9rem;
  }
}

<div
    class="c0"
  />,
]
`;

exports[`List renders correctly with no products 1`] = `
Array [
  .c0 {
  height: 35rem;
  margin-bottom: 1.5rem;
}

@media (min-width:62em) {
  .c0 {
    height: 9rem;
  }
}

<div
    class="c0"
  />,
  .c0 {
  height: 35rem;
  margin-bottom: 1.5rem;
}

@media (min-width:62em) {
  .c0 {
    height: 9rem;
  }
}

<div
    class="c0"
  />,
  .c0 {
  height: 35rem;
  margin-bottom: 1.5rem;
}

@media (min-width:62em) {
  .c0 {
    height: 9rem;
  }
}

<div
    class="c0"
  />,
]
`;

exports[`List renders correctly with products 1`] = `<Mask />`;
