// Jest Snapshot v1, https://goo.gl/fbAQLP

exports[`Product renders correctly 1`] = `
.c10 {
  margin-bottom: 8px !important;
}

.c11 {
  background-color: #4caf50 !important;
  width: 100% !important;
  box-shadow: none !important;
}

.c7 {
  border: 1px solid;
  border-radius: 1rem;
  font-size: 80%;
  padding: 0.2rem 0.75rem;
}

.c6 {
  display: -webkit-box;
  display: -webkit-flex;
  display: -ms-flexbox;
  display: flex;
  -webkit-flex-wrap: wrap;
  -ms-flex-wrap: wrap;
  flex-wrap: wrap;
}

.c6:last-child div {
  margin-right: 0;
}

.c6 div {
  margin: .5rem .5rem 0 0;
}

.c1 {
  -webkit-align-items: center;
  -webkit-box-align: center;
  -ms-flex-align: center;
  align-items: center;
  padding: 16px;
}

.c4 {
  width: 1.125rem;
  height: 1.125rem;
  margin-right: 0.25rem;
}

.c2 {
  background-color: white;
  margin-right: 16px;
}

.c3 {
  max-width: 100%;
  max-height: 125px;
}

.c5 {
  float: right;
}

.c9 {
  min-height: 1px;
  -webkit-flex: 0 0 100%;
  -ms-flex: 0 0 100%;
  flex: 0 0 100%;
  max-width: 100%;
  border-top: 2px solid #f5f6f7;
  padding: 8px;
  margin-top: 16px;
  margin-bottom: 16px;
  text-align: center;
}

.c9:first-child {
  border-top: 0;
  border-left: 0;
}

.c13 {
  display: -webkit-box;
  display: -webkit-flex;
  display: -ms-flexbox;
  display: flex;
  width: 100%;
  -webkit-align-items: center;
  -webkit-box-align: center;
  -ms-flex-align: center;
  align-items: center;
  background-color: #f5f6f7;
  border-top: 2px solid #eceff1;
  padding: 8px 16px;
  border-color: #009688;
}

.c14 {
  color: #ea3f79;
  font-size: 1.25rem;
}

.c15 {
  margin-left: 0.35rem;
  opacity: 0.85;
  font-size: 85%;
}

.c0 {
  background-color: white;
  margin-bottom: 56px;
  border-color: #009688;
}

.c8 {
  border: 2px solid #eceff1;
}

.c12 {
  border-top: 2px solid #eceff1;
  padding: 24px 16px;
  width: 100%;
}

@media (min-width:36em) {
  .c6 {
    margin-left: auto;
  }

  .c6 div {
    margin: 0 .5rem 0 0;
  }
}

@media (min-width:62em) {
  .c2 {
    border: 2px solid #f5f6f7;
    margin-bottom: -32px;
    padding: 8px;
    text-align: center;
  }
}

@media (min-width:62em) {
  .c3 {
    max-height: 75px;
  }
}

@media (min-width:36em) {
  .c9 {
    -webkit-flex: 0 0 20%;
    -ms-flex: 0 0 20%;
    flex: 0 0 20%;
    max-width: 20%;
  }
}

@media (min-width:36em) {
  .c9 {
    border-top: 0;
    border-left: 2px solid #f5f6f7;
  }
}

<div
  class="c0"
>
  <div
    class="MuiGrid-container-1 c1"
  >
    <div
      class="MuiGrid-item-2 MuiGrid-grid-xs-12-41 MuiGrid-grid-md-2-59"
    >
      <div
        class="c2"
      >
        <img
          alt="Landbay"
          class="c3"
          src="https://b2bfinance.com/images/partners/Landbay.png"
        />
      </div>
    </div>
    <div
      class="MuiGrid-item-2 MuiGrid-grid-xs-12-41 MuiGrid-grid-md-7-64"
    >
      <div
        class="MuiGrid-container-1"
      >
        <div
          class="MuiGrid-item-2 MuiGrid-grid-xs-12-41"
        >
          <h1
            class="MuiTypography-root-98 MuiTypography-headline-103"
          >
            Landbay
          </h1>
        </div>
        <div
          class="MuiGrid-item-2 MuiGrid-grid-xs-12-41"
        >
          <svg
            aria-hidden="true"
            class="MuiSvgIcon-root-134 c4"
            focusable="false"
            role="presentation"
            viewBox="0 0 24 24"
          >
            <path
              d="M0 0h24v24H0z"
              fill="none"
            />
            <path
              d="M21.41 11.58l-9-9C12.05 2.22 11.55 2 11 2H4c-1.1 0-2 .9-2 2v7c0 .55.22 1.05.59 1.42l9 9c.36.36.86.58 1.41.58.55 0 1.05-.22 1.41-.59l7-7c.37-.36.59-.86.59-1.41 0-.55-.23-1.06-.59-1.42zM5.5 7C4.67 7 4 6.33 4 5.5S4.67 4 5.5 4 7 4.67 7 5.5 6.33 7 5.5 7z"
            />
          </svg>
          Landbay - Buy To Let Wizards
        </div>
      </div>
    </div>
    <div
      class="MuiGrid-item-2 MuiGrid-grid-xs-12-41 MuiGrid-grid-md-3-60"
    >
      <div
        class="c5"
      >
        <div
          class="c6"
        >
          <div
            class="c7"
          >
            broker only
          </div>
          <div
            class="c7"
          >
            consumer favourite
          </div>
        </div>
      </div>
    </div>
  </div>
  <div
    class="MuiGrid-container-1 MuiGrid-align-items-xs-center-9 c8"
  >
    <div
      class="c9"
    >
      <h6
        class="MuiTypography-root-98 MuiTypography-subtitle2-117"
      >
        Max LTV
      </h6>
      <h1
        class="MuiTypography-root-98 MuiTypography-display1-102"
      >
        85%
      </h1>
    </div>
    <div
      class="c9"
    >
      <h6
        class="MuiTypography-root-98 MuiTypography-subtitle2-117"
      >
        Initial Rate
      </h6>
      <h1
        class="MuiTypography-root-98 MuiTypography-display1-102"
      >
        1.49%
      </h1>
    </div>
    <div
      class="c9"
    >
      <h6
        class="MuiTypography-root-98 MuiTypography-subtitle2-117"
      >
        Subsequent Rate
      </h6>
      <h1
        class="MuiTypography-root-98 MuiTypography-display1-102"
      >
        2.75%
      </h1>
    </div>
    <div
      class="c9"
    >
      <h6
        class="MuiTypography-root-98 MuiTypography-subtitle2-117"
      >
        Fees
      </h6>
      <h1
        class="MuiTypography-root-98 MuiTypography-display1-102"
      >
        £1,495
      </h1>
    </div>
    <div
      class="c9"
    >
      <div
        class="MuiGrid-container-1 MuiGrid-align-content-xs-center-13"
      >
        <div
          class="MuiGrid-item-2 MuiGrid-grid-xs-12-41"
        >
          <button
            class="MuiTypography-root-98 MuiTypography-colorPrimary-128 MuiTypography-inline-133 MuiLink-root-143 MuiLink-button-147 MuiLink-underlineHover-145 c10"
          >
            more details
          </button>
        </div>
        <div
          class="MuiGrid-item-2 MuiGrid-grid-xs-12-41"
        >
          <a
            class="MuiButtonBase-root-158 MuiFab-root-148 MuiFab-extended-152 MuiFab-primary-150 MuiFab-sizeMedium-157 c11"
            href="https://b2bfinance.com/enquire/buy-to-let"
            rel="noopener"
            role="button"
            tabindex="0"
            target="_blank"
          >
            <span
              class="MuiFab-label-149"
            >
              Get Deal
            </span>
          </a>
        </div>
      </div>
    </div>
    <p
      class="MuiTypography-root-98 MuiTypography-body2-106 c12"
    >
      Lorem ipsum dolor sit amet, consectetur adipiscing elit. Aenean bibendum facilisis condimentum. Donec laoreet porttitor condimentum. Nulla luctus efficitur magna, eget rhoncus metus placerat sed.
    </p>
    <div
      class="c13"
    >
      <span
        class="c14"
      >
        <svg
          aria-hidden="true"
          class="MuiSvgIcon-root-134 MuiSvgIcon-fontSizeInherit-140"
          focusable="false"
          role="presentation"
          viewBox="0 0 24 24"
        >
          <path
            d="M0 0h24v24H0V0z"
            fill="none"
          />
          <g>
            <path
              d="M12 7.13l.97 2.29.47 1.11 1.2.1 2.47.21-1.88 1.63-.91.79.27 1.18.56 2.41-2.12-1.28-1.03-.64-1.03.62-2.12 1.28.56-2.41.27-1.18-.91-.79-1.88-1.63 2.47-.21 1.2-.1.47-1.11.97-2.27M12 2L9.19 8.63 2 9.24l5.46 4.73L5.82 21 12 17.27 18.18 21l-1.64-7.03L22 9.24l-7.19-.61L12 2z"
            />
          </g>
        </svg>
      </span>
      <span
        class="c15"
      >
        Awarded best broker 2019
      </span>
    </div>
  </div>
</div>
`;

exports[`Wrapper render correctly without highlight 1`] = `
.c0 {
  background-color: white;
  margin-bottom: 56px;
}

<div
  class="c0"
/>
`;

exports[`Wrapper renders correctly with highlight 1`] = `
.c0 {
  background-color: white;
  margin-bottom: 56px;
}

<div
  class="c0"
/>
`;
