// Jest Snapshot v1, https://goo.gl/fbAQLP

exports[`<Button /> renders correctly 1`] = `
.c0:hover {
  -webkit-text-decoration: none;
  text-decoration: none;
}

<button
  class="MuiButtonBase-root MuiButton-root c0 MuiButton-text"
  tabindex="0"
  theme="[object Object]"
  type="button"
>
  <span
    class="MuiButton-label"
  >
    button
  </span>
</button>
`;
