// Jest Snapshot v1, https://goo.gl/fbAQLP

exports[`Filter renders correctly 1`] = `
Array [
  <styled.div
    desktop="20"
    key="TEST_KEY_1"
    phone="100"
    tablet="33.333"
/>,
  <styled.div
    desktop="20"
    key="TEST_KEY_2"
    phone="100"
    tablet="33.333"
/>,
]
`;

exports[`FilterFormControl renders correctly 1`] = `
.c0 {
  width: 100%;
}

<withStyles(FormControl)
  className="c0"
/>
`;

exports[`FilterMenuItem renders correctly 1`] = `
.c0 {
  background-color: #009688 !important;
  color: #fff !important;
}

<withStyles(MenuItem)
  className="c0"
  selected={true}
  theme={
    Object {
      "filterChosenBackground": "#009688",
      "filterChosenColor": "#fff",
    }
  }
/>
`;

exports[`FilterSelect renders correctly 1`] = `
.c0:hover:before {
  background-color: #009688 !important;
}

.c0:after {
  background-color: #009688 !important;
}

<withStyles(Select)
  className="c0"
  theme={
    Object {
      "filterHeaderBorder": "#009688",
    }
  }
/>
`;

exports[`FilterWrapper renders correctly 1`] = `
.c0 {
  width: 100%;
  min-height: 1px;
  border-radius: 0.2rem;
  margin-bottom: 1rem;
  position: relative;
}

@media (min-width:36em) {
  .c0 {
    padding-right: 1rem;
  }

  .c0:last-child {
    padding-right: 0;
  }
}

<div
  class="c0"
>
  
</div>
`;
